[www.designesia.com/themes/lovus/01_index_2.html]
[backblue.gif]
[fade.gif]
[index.html]
[www.designesia.com/themes/lovus/index.html]
[www.designesia.com/themes/lovus/01_index_3.html]
[www.designesia.com/themes/lovus/02_index.html]
[www.designesia.com/themes/lovus/02_index_2.html]
[www.designesia.com/themes/lovus/02_index_3.html]
[www.designesia.com/themes/lovus/01_about-her.html]
[www.designesia.com/themes/lovus/01_about-him.html]
[www.designesia.com/themes/lovus/01_story.html]
[www.designesia.com/themes/lovus/01_events.html]
[www.designesia.com/themes/lovus/01_people.html]
[www.designesia.com/themes/lovus/01_gallery.html]
[www.designesia.com/themes/lovus/01_journal.html]
[www.designesia.com/themes/lovus/images/misc/7.jpg]
[www.designesia.com/themes/lovus/images/gallery/category-1/1.jpg]
[www.designesia.com/themes/lovus/images/gallery/category-1/2.jpg]
[www.designesia.com/themes/lovus/images/gallery/category-1/3.jpg]
[www.designesia.com/themes/lovus/images/gallery/category-1/4.jpg]
[www.designesia.com/themes/lovus/images/gallery/category-1/5.jpg]
[www.designesia.com/themes/lovus/images/gallery/category-1/6.jpg]
[www.designesia.com/themes/lovus/images/misc/3.jpg]
[www.designesia.com/themes/lovus/images/misc/4.jpg]
[www.designesia.com/themes/lovus/js/jquery.min.js]
[www.designesia.com/themes/lovus/js/bootstrap.min.js]
[www.designesia.com/themes/lovus/js/jquery.isotope.min.js]
[www.designesia.com/themes/lovus/js/easing.js]
[www.designesia.com/themes/lovus/js/owl.carousel.js]
[www.designesia.com/themes/lovus/js/jquery.countTo.js]
[www.designesia.com/themes/lovus/js/wow.min.js]
[www.designesia.com/themes/lovus/js/jquery.magnific-popup.min.js]
[www.designesia.com/themes/lovus/js/enquire.min.js]
[www.designesia.com/themes/lovus/js/jquery.stellar.min.js]
[www.designesia.com/themes/lovus/js/jquery.plugin.js]
[www.designesia.com/themes/lovus/js/jquery.countdown.js]
[www.designesia.com/themes/lovus/js/countdown-custom.js]
[www.designesia.com/themes/lovus/js/animsition.min.js]
[www.designesia.com/themes/lovus/js/designesia.js]
[www.designesia.com/themes/lovus/rsvp/form.js]
[www.designesia.com/themes/lovus/01_index_2.html]
[www.designesia.com/themes/lovus/css/bootstrap.css]
[www.designesia.com/themes/lovus/css/animate.css]
[www.designesia.com/themes/lovus/css/owl.carousel.css]
[www.designesia.com/themes/lovus/css/magnific-popup.css]
[www.designesia.com/themes/lovus/css/jquery.countdown.css]
[www.designesia.com/themes/lovus/images_02/ui/arrow-down-dark.png]
[www.designesia.com/themes/lovus/images_02/ui/arrow-up-dark.png]
[www.designesia.com/themes/lovus/images_02/ui/arrow-down.png]
[www.designesia.com/themes/lovus/images_02/ui/arrow-up.png]
[www.designesia.com/themes/lovus/css/style.css]
[www.designesia.com/themes/lovus/css/animsition.min.css]
[www.designesia.com/themes/lovus/rsvp/form.css]
[www.designesia.com/themes/lovus/images/background/1.jpg]
[www.designesia.com/themes/lovus/images/background/2.jpg]
[www.designesia.com/themes/lovus/images/background/subheader-1.jpg]
[www.designesia.com/themes/lovus/images/background/subheader-2.jpg]
[www.designesia.com/themes/lovus/images/background/subheader-3.jpg]
[www.designesia.com/themes/lovus/images/background/subheader-4.jpg]
[www.designesia.com/themes/lovus/images/background/subheader-5.jpg]
[www.designesia.com/themes/lovus/images/background/subheader-6.jpg]
[www.designesia.com/themes/lovus/images_02/background/subheader.jpg]
[www.designesia.com/themes/lovus/images/background/6.jpg]
[www.designesia.com/themes/lovus/images_02/background/3.jpg]
[www.designesia.com/themes/lovus/images_02/background/4.jpg]
[www.designesia.com/themes/lovus/images/background/4.jpg]
[www.designesia.com/themes/lovus/images/background/5.jpg]
[www.designesia.com/themes/lovus/images/background/7.jpg]
[www.designesia.com/themes/lovus/images_02/background/1.jpg]
[www.designesia.com/themes/lovus/images_02/background/2.jpg]
[www.designesia.com/themes/lovus/images_02/background/bg-side-1.jpg]
[www.designesia.com/themes/lovus/images_02/background/bg-side-2.jpg]
[www.designesia.com/themes/lovus/css/bg.css]
[www.designesia.com/themes/lovus/css/color.css]
[www.designesia.com/themes/lovus/images/slider/1.jpg]
[www.designesia.com/themes/lovus/images/slider/2.jpg]
[www.designesia.com/themes/lovus/images/slider/3.jpg]
[www.designesia.com/themes/lovus/images/misc/1.jpg]
[www.designesia.com/themes/lovus/images/misc/2.jpg]
[www.designesia.com/themes/lovus/images/gallery/category-3/1.jpg]
[www.designesia.com/themes/lovus/images/gallery/category-3/2.jpg]
[www.designesia.com/themes/lovus/images/gallery/category-3/3.jpg]
[www.designesia.com/themes/lovus/images/gallery/category-3/4.jpg]
[www.designesia.com/themes/lovus/images/gallery/category-3/5.jpg]
[www.designesia.com/themes/lovus/images/gallery/category-3/6.jpg]
[www.designesia.com/themes/lovus/music/Feels Like a Wedding Day.mp3]
[www.designesia.com/themes/lovus/index.html]
[www.designesia.com/themes/lovus/images/slider/7.jpg]
[www.designesia.com/themes/lovus/images/slider/8.jpg]
[www.designesia.com/themes/lovus/js/validation-rsvp.js]
[www.designesia.com/themes/lovus/01_index_3.html]
[www.designesia.com/themes/lovus/images_02/logo-2.png]
[www.designesia.com/themes/lovus/images_02/logo.png]
[www.designesia.com/themes/lovus/02_contact.html]
[www.designesia.com/themes/lovus/02_about.html]
[www.designesia.com/themes/lovus/02_services.html]
[www.designesia.com/themes/lovus/02_packages.html]
[www.designesia.com/themes/lovus/02_blog.html]
[www.designesia.com/themes/lovus/images_02/logo-big.png]
[www.designesia.com/themes/lovus/images_02/slider/1.jpg]
[www.designesia.com/themes/lovus/images_02/slider/2.jpg]
[www.designesia.com/themes/lovus/images_02/services/1.jpg]
[www.designesia.com/themes/lovus/images_02/services/2.jpg]
[www.designesia.com/themes/lovus/images_02/services/3.jpg]
[www.designesia.com/themes/lovus/images_02/services/4.jpg]
[www.designesia.com/themes/lovus/images_02/misc/w1.jpg]
[www.designesia.com/themes/lovus/images_02/misc/w2.jpg]
[www.designesia.com/themes/lovus/images_02/misc/w3.jpg]
[www.designesia.com/themes/lovus/images_02/misc/w4.jpg]
[www.designesia.com/themes/lovus/images_02/logo-med.png]
[www.designesia.com/themes/lovus/js/validation.js]
[www.designesia.com/themes/lovus/02_index.html]
[www.designesia.com/themes/lovus/images_02/gallery/1.jpg]
[www.designesia.com/themes/lovus/images_02/gallery/2.jpg]
[www.designesia.com/themes/lovus/images_02/gallery/3.jpg]
[www.designesia.com/themes/lovus/images_02/gallery/4.jpg]
[www.designesia.com/themes/lovus/images_02/gallery/5.jpg]
[www.designesia.com/themes/lovus/images_02/gallery/6.jpg]
[www.designesia.com/themes/lovus/02_index_2.html]
[www.designesia.com/themes/lovus/02_index_3.html]
[www.designesia.com/themes/lovus/rsvp.html]
[www.designesia.com/themes/lovus/01_about-her.html]
[www.designesia.com/themes/lovus/01_about-him.html]
[www.designesia.com/themes/lovus/images/story/1.jpg]
[www.designesia.com/themes/lovus/images/story/2.jpg]
[www.designesia.com/themes/lovus/images/story/3.jpg]
[www.designesia.com/themes/lovus/images/story/4.jpg]
[www.designesia.com/themes/lovus/images/story/5.jpg]
[www.designesia.com/themes/lovus/01_story.html]
[www.designesia.com/themes/lovus/01_events.html]
[www.designesia.com/themes/lovus/images/people/1.jpg]
[www.designesia.com/themes/lovus/images/people/2.jpg]
[www.designesia.com/themes/lovus/images/people/3.jpg]
[www.designesia.com/themes/lovus/images/people/4.jpg]
[www.designesia.com/themes/lovus/images/people/5.jpg]
[www.designesia.com/themes/lovus/images/people/6.jpg]
[www.designesia.com/themes/lovus/images/people/7.jpg]
[www.designesia.com/themes/lovus/images/people/8.jpg]
[www.designesia.com/themes/lovus/images/people/9.jpg]
[www.designesia.com/themes/lovus/images/people/10.jpg]
[www.designesia.com/themes/lovus/images/people/11.jpg]
[www.designesia.com/themes/lovus/images/people/12.jpg]
[www.designesia.com/themes/lovus/01_people.html]
[www.designesia.com/themes/lovus/images/gallery/category-2/1.jpg]
[www.designesia.com/themes/lovus/images/gallery/category-2/2.jpg]
[www.designesia.com/themes/lovus/images/gallery/category-2/3.jpg]
[www.designesia.com/themes/lovus/images/gallery/category-2/4.jpg]
[www.designesia.com/themes/lovus/images/gallery/category-2/5.jpg]
[www.designesia.com/themes/lovus/images/gallery/category-2/6.jpg]
[www.designesia.com/themes/lovus/01_gallery.html]
[www.designesia.com/themes/lovus/images/news/1.jpg]
[www.designesia.com/themes/lovus/images/news/2.jpg]
[www.designesia.com/themes/lovus/images/news/3.jpg]
[www.designesia.com/themes/lovus/css/index.html]
[www.designesia.com/themes/lovus/images/news/4.jpg]
[www.designesia.com/themes/lovus/01_journal.html]
[www.designesia.com/themes/lovus/fonts/glyphicons-halflings-regular.html]
[www.designesia.com/themes/lovus/fonts/glyphicons-halflings-regulard41d.html]
[www.designesia.com/themes/lovus/fonts/glyphicons-halflings-regular-2.html]
[www.designesia.com/themes/lovus/fonts/glyphicons-halflings-regular-3.html]
[www.designesia.com/themes/lovus/fonts/glyphicons-halflings-regular-4.html]
[www.designesia.com/themes/lovus/css/grabbing.html]
[www.designesia.com/themes/lovus/css/AjaxLoader.html]
[www.designesia.com/themes/lovus/fonts/font-awesome/fonts/fontawesome-webfont5b62.eot]
[www.designesia.com/themes/lovus/fonts/font-awesome/fonts/fontawesome-webfontd41d.eot]
[www.designesia.com/themes/lovus/fonts/font-awesome/fonts/fontawesome-webfont5b62.woff]
[www.designesia.com/themes/lovus/fonts/font-awesome/fonts/fontawesome-webfont5b62.ttf]
[www.designesia.com/themes/lovus/fonts/font-awesome/css/font-awesome.css]
[www.designesia.com/themes/lovus/fonts/elegant_font/HTML_CSS/fonts/ElegantIcons.eot]
[www.designesia.com/themes/lovus/fonts/elegant_font/HTML_CSS/fonts/ElegantIconsd41d.eot]
[www.designesia.com/themes/lovus/fonts/elegant_font/HTML_CSS/fonts/ElegantIcons.woff]
[www.designesia.com/themes/lovus/fonts/elegant_font/HTML_CSS/fonts/ElegantIcons.ttf]
[www.designesia.com/themes/lovus/fonts/elegant_font/HTML_CSS/style.css]
[www.designesia.com/themes/lovus/fonts/et-line-font/fonts/et-line.eot]
[www.designesia.com/themes/lovus/fonts/et-line-font/fonts/et-lined41d.eot]
[www.designesia.com/themes/lovus/fonts/et-line-font/fonts/et-line.woff]
[www.designesia.com/themes/lovus/fonts/et-line-font/fonts/et-line.ttf]
[www.designesia.com/themes/lovus/fonts/et-line-font/style.css]
[www.designesia.com/themes/lovus/images_02/ui/arrow-down-form.html]
[www.designesia.com/themes/lovus/images_02/ui/arrow-down-form-hover.html]
[www.designesia.com/themes/lovus/images_02/dotted.html]
[www.designesia.com/themes/lovus/images_02/icon-slide-plus.html]
[www.designesia.com/themes/lovus/images_02/icon-slide-min.html]
[www.designesia.com/themes/lovus/images_02/close.html]
[www.designesia.com/themes/lovus/images_02/close-2.html]
[www.designesia.com/themes/lovus/images_02/icon-url.html]
[www.designesia.com/themes/lovus/images_02/icon-zoom.html]
[www.designesia.com/themes/lovus/images_02/list-arrow.html]
[www.designesia.com/themes/lovus/images_02/page-loader.html]
[www.designesia.com/themes/lovus/css/colors/gold.css]
[www.designesia.com/themes/lovus/js/map.js]
[www.designesia.com/themes/lovus/02_contact.html]
[www.designesia.com/themes/lovus/images_02/team/1.jpg]
[www.designesia.com/themes/lovus/images_02/team/2.jpg]
[www.designesia.com/themes/lovus/images_02/team/3.jpg]
[www.designesia.com/themes/lovus/images_02/team/4.jpg]
[www.designesia.com/themes/lovus/02_about.html]
[www.designesia.com/themes/lovus/02_services.html]
[www.designesia.com/themes/lovus/02_packages.html]
[www.designesia.com/themes/lovus/images_02/news/1.jpg]
[www.designesia.com/themes/lovus/images_02/news/2.jpg]
[www.designesia.com/themes/lovus/images_02/news/3.jpg]
[www.designesia.com/themes/lovus/images_02/news/4.jpg]
[www.designesia.com/themes/lovus/02_blog.html]
[www.designesia.com/themes/lovus/rsvp.html]
[cdnjs.cloudflare.com/ajax/libs/skeleton/2.0.4/skeleton.css]
[www.designesia.com/themes/lovus/css/indexc052.html]
[www.designesia.com/themes/lovus/css/indexf8a0.html]
[www.designesia.com/themes/lovus/css/indexbfec.html]
[www.designesia.com/themes/lovus/css/index30b5.html]
[www.designesia.com/themes/lovus/index-2.html]
[www.designesia.com/themes/lovus/css/index.html]
[www.designesia.com/themes/lovus/fonts/font-awesome/fonts/fontawesome-webfont5b62.html]
[www.designesia.com/themes/lovus/fonts/font-awesome/fonts/fontawesome-webfont5b62.svg]
[www.designesia.com/themes/lovus/fonts/elegant_font/HTML_CSS/fonts/ElegantIcons.svg]
[www.designesia.com/themes/lovus/fonts/et-line-font/fonts/et-line.svg]
[www.designesia.com/themes/lovus/contact.html]
[cdnjs.cloudflare.com/ajax/libs/skeleton/2.0.4/skeleton.css]
[www.designesia.com/themes/lovus/css/indexc052.html]
[www.designesia.com/themes/lovus/css/indexf8a0.html]
[www.designesia.com/themes/lovus/css/indexbfec.html]
[www.designesia.com/themes/lovus/css/colors/index.html]
[www.designesia.com/themes/lovus/css/index30b5.html]
[www.designesia.com/themes/lovus/css/index72c9.html]
[www.designesia.com/themes/lovus/css/indexb70a.html]
[www.designesia.com/themes/lovus/css/index5851.html]
[www.designesia.com/themes/lovus/index-2.html]
[www.designesia.com/themes/lovus/css/indexad3f.html]
[www.designesia.com/themes/lovus/css/colors/indexbfec.html]
[www.designesia.com/themes/lovus/css/colors/index30b5.html]
[www.designesia.com/themes/lovus/css/colors/indexf8a0.html]
[www.designesia.com/themes/lovus/css/colors/indexc052.html]
[www.designesia.com/themes/lovus/css/colors/index.html]
[www.designesia.com/themes/lovus/css/jquery.mb.YTPlayer.min.css]
[www.designesia.com/themes/lovus/css/owl.theme.css]
[www.designesia.com/themes/lovus/css/owl.transitions.css]
[www.designesia.com/themes/lovus/css/indexb70a.html]
[www.designesia.com/themes/lovus/css/index72c9.html]
[www.designesia.com/themes/lovus/css/index5851.html]
[www.designesia.com/themes/lovus/css/indexad3f.html]
[www.designesia.com/themes/lovus/css/colors/indexc052.html]
[www.designesia.com/themes/lovus/css/colors/indexf8a0.html]
[www.designesia.com/themes/lovus/css/colors/indexbfec.html]
[www.designesia.com/themes/lovus/css/colors/index30b5.html]
[www.designesia.com/themes/lovus/css/colors/index72c9.html]
[www.designesia.com/themes/lovus/css/colors/indexb70a.html]
[www.designesia.com/themes/lovus/css/colors/index5851.html]
[www.designesia.com/themes/lovus/css/colors/indexad3f.html]
[www.designesia.com/themes/lovus/css/colors/brown.css]
[www.designesia.com/themes/lovus/css/colors/green.css]
[www.designesia.com/themes/lovus/css/colors/pink.css]
[www.designesia.com/themes/lovus/css/colors/purple.css]
[www.designesia.com/themes/lovus/css/font/ytp-regular.html]
[www.designesia.com/themes/lovus/css/colors/indexb70a.html]
[www.designesia.com/themes/lovus/css/colors/index72c9.html]
[www.designesia.com/themes/lovus/css/colors/index5851.html]
[www.designesia.com/themes/lovus/css/colors/indexad3f.html]
